C51 COMPILER V9.60.0.0   TEST1                                                             05/09/2022 21:12:05 PAGE 1   


C51 COMPILER V9.60.0.0, COMPILATION OF MODULE TEST1
OBJECT MODULE PLACED IN .\Objects\test1.obj
COMPILER INVOKED BY: C:\Keil_v5\C51\BIN\C51.EXE test1.c OPTIMIZE(8,SPEED) BROWSE DEBUG OBJECTEXTEND PRINT(.\Listings\tes
                    -t1.lst) TABS(2) OBJECT(.\Objects\test1.obj)

line level    source

   1          #include <REGX51.H>
   2          void delay (int time){
   3   1             while(time--);
   4   1      }
   5          int t=0;
   6          void main(){
   7   1        while (1){
   8   2        TMOD=0x01;//timer 0, che do 1
   9   2        ET0=1;// kich hoat ngat timer 0;
  10   2        TR0=1;
  11   2        EA=1;//dong cau dao tong- cho phep ngat toan cuc  
  12   2        P2=0;
  13   2        delay(15000);
  14   2        P2=0xff;
  15   2        delay(15000);
  16   2        }
  17   1      }
  18          void ngat() interrupt 1{
  19   1        long a=50000;
  20   1        t++;// dem thoi gian
  21   1        TH0=0xfc;
  22   1        TL0=0x18;
  23   1        TR0=1;// khoi dong bo dinh thoi
  24   1        if (t>=10000){ // t dat truoc thoi gian 10s
  25   2          t=0;
  26   2          P1_3=0;
  27   2          while(a--){};
  28   2          P1_3 =1;
  29   2        }
  30   1        
  31   1        
  32   1      }


MODULE INFORMATION:   STATIC OVERLAYABLE
   CODE SIZE        =    138    ----
   CONSTANT SIZE    =   ----    ----
   XDATA SIZE       =   ----    ----
   PDATA SIZE       =   ----    ----
   DATA SIZE        =      2       4
   IDATA SIZE       =   ----    ----
   BIT SIZE         =   ----    ----
END OF MODULE INFORMATION.


C51 COMPILATION COMPLETE.  0 WARNING(S),  0 ERROR(S)
