C51 COMPILER V9.60.0.0   LAB1                                                              10/29/2022 15:46:44 PAGE 1   


C51 COMPILER V9.60.0.0, COMPILATION OF MODULE LAB1
OBJECT MODULE PLACED IN .\Objects\Lab1.obj
COMPILER INVOKED BY: C:\Keil_v5\C51\BIN\C51.EXE Lab1.c OMF2 OPTIMIZE(8,SPEED) BROWSE DEBUG PRINT(.\Listings\Lab1.lst) TA
                    -BS(2) OBJECT(.\Objects\Lab1.obj)

line level    source

   1          #include <at89x51.h>
   2          
   3          void delay(int interval){
   4   1        int i, j;
   5   1        for( i = 0; i < 255; i++){
   6   2          for( j = 0; j < interval; j++);
   7   2        }
   8   1      }
   9          
  10          void main(){
  11   1        while(1){
  12   2          P0 = 0x55;
  13   2          delay(100);
  14   2          P0 = 0xAA;
  15   2          delay(100);
  16   2        }
  17   1      }


MODULE INFORMATION:   STATIC OVERLAYABLE
   CODE SIZE        =     55    ----
   CONSTANT SIZE    =   ----    ----
   XDATA SIZE       =   ----    ----
   PDATA SIZE       =   ----    ----
   DATA SIZE        =   ----    ----
   IDATA SIZE       =   ----    ----
   BIT SIZE         =   ----    ----
   EDATA SIZE       =   ----    ----
   HDATA SIZE       =   ----    ----
   XDATA CONST SIZE =   ----    ----
   FAR CONST SIZE   =   ----    ----
END OF MODULE INFORMATION.


C51 COMPILATION COMPLETE.  0 WARNING(S),  0 ERROR(S)
