C51 COMPILER V9.60.0.0   LAB2                                                              10/29/2022 16:22:29 PAGE 1   


C51 COMPILER V9.60.0.0, COMPILATION OF MODULE LAB2
OBJECT MODULE PLACED IN .\Objects\Lab2.obj
COMPILER INVOKED BY: C:\Keil_v5\C51\BIN\C51.EXE Lab2.c OPTIMIZE(8,SPEED) BROWSE DEBUG OBJECTEXTEND PRINT(.\Listings\Lab2
                    -.lst) TABS(2) OBJECT(.\Objects\Lab2.obj)

line level    source

   1          #include <at89x51.h>
   2          #include <stdio.h>
   3          #define LED0 P1_0
   4          #define LED1 P1_1
   5          #define LED2 P1_2
   6          #define LED3 P1_3
   7          #define LED4 P1_4
   8          #define LED5 P1_5
   9          #define LED6 P1_6
  10          #define LED7 P1_7
  11          #define sang 1
  12          #define tat 0
  13          
  14          
  15          
  16          void delay(unsigned int ms){
  17   1        unsigned int i,j;
  18   1        for(i=0;i<ms;i++){
  19   2          for(j=0;j<120;j++){}
  20   2        }
  21   1      }
  22          
  23          void display_LED(unsigned char number){
  24   1        switch(number){
  25   2          case 1:
  26   2            LED0 = sang;
  27   2            LED1 = LED2 = LED3 = LED4 = LED5 = LED6 = LED7 = tat;
  28   2            break;
  29   2          case 2:
  30   2            LED1 = sang;
  31   2            LED0 = LED2 = LED3 = LED4 = LED5 = LED6 = LED7 = tat;
  32   2            break;
  33   2          case 3:
  34   2            LED2 = sang;
  35   2            LED0 = LED1 = LED3 = LED4 = LED5 = LED6 = LED7 = tat;
  36   2            break;
  37   2          case 4:
  38   2            LED3 = sang;
  39   2            LED0 = LED1 = LED2 = LED4 = LED5 = LED6 = LED7 = tat;
  40   2            break;
  41   2          case 5:
  42   2            LED4 = sang;
  43   2            LED0 = LED1 = LED2 = LED3 = LED5 = LED6 = LED7 = tat;
  44   2            break;
  45   2          case 6:
  46   2            LED5 = sang;
  47   2            LED0 = LED1 = LED2 = LED3 = LED4 = LED6 = LED7 = tat;
  48   2            break;
  49   2          case 7:
  50   2            LED6 = sang;
  51   2            LED0 = LED1 = LED2 = LED3 = LED4 = LED5 = LED7 = tat;
  52   2            break;
  53   2          case 8:
  54   2            LED7 = sang;
C51 COMPILER V9.60.0.0   LAB2                                                              10/29/2022 16:22:29 PAGE 2   

  55   2            LED0 = LED1 = LED2 = LED3 = LED4 = LED5 = LED6 = tat;
  56   2            break;
  57   2        }
  58   1      }
  59          
  60          void main (){
  61   1        unsigned char m;
  62   1        while(1){
  63   2          for(m=0;m<9; m++){
  64   3            display_LED(m);
  65   3            delay(500);
  66   3          }
  67   2        }
  68   1      }
  69          


MODULE INFORMATION:   STATIC OVERLAYABLE
   CODE SIZE        =    228    ----
   CONSTANT SIZE    =   ----    ----
   XDATA SIZE       =   ----    ----
   PDATA SIZE       =   ----    ----
   DATA SIZE        =   ----    ----
   IDATA SIZE       =   ----    ----
   BIT SIZE         =   ----    ----
END OF MODULE INFORMATION.


C51 COMPILATION COMPLETE.  0 WARNING(S),  0 ERROR(S)
