C51 COMPILER V9.60.0.0   DELAY                                                             09/30/2019 09:19:58 PAGE 1   


C51 COMPILER V9.60.0.0, COMPILATION OF MODULE DELAY
OBJECT MODULE PLACED IN .\Objects\delay.obj
COMPILER INVOKED BY: C:\Keil_v5\C51\BIN\C51.EXE delay.c OPTIMIZE(8,SPEED) BROWSE DEBUG OBJECTEXTEND PRINT(.\Listings\del
                    -ay.lst) TABS(2) OBJECT(.\Objects\delay.obj)

line level    source

   1            /******************************************************************************
   2            * Ten tep:    delay.h
   3            * Tac gia:    www.hocdientu123.vn
   4            * Ngay:       01-08-2019
   5            ******************************************************************************/
   6          #include <main.h>
   7          
   8          /*
   9           chu kì máy là 12/11.0592 = 1.085 uS
  10            mot vòng for khoang 8 chu kì máy nên = 8*1.085 = 8.68 uS
  11            => delay_ms(1) = 125*8.68 = 1085 uS 
  12          */
  13          void delay_ms(unsigned int Time)
  14          {
  15   1        unsigned int i,j,t;
  16   1        t=Time;
  17   1        for(i=0;i<t;i++)
  18   1        {
  19   2          for(j=0;j<125;j++);
  20   2        }
  21   1      }
  22          void delay_us(unsigned int Time)
  23          {
  24   1        unsigned int i,j;
  25   1        for(i=0;i<Time;i++)
  26   1        {
  27   2          for(j=0;j<1;j++);
  28   2        }
  29   1      } 


MODULE INFORMATION:   STATIC OVERLAYABLE
   CODE SIZE        =     64    ----
   CONSTANT SIZE    =   ----    ----
   XDATA SIZE       =   ----    ----
   PDATA SIZE       =   ----    ----
   DATA SIZE        =   ----    ----
   IDATA SIZE       =   ----    ----
   BIT SIZE         =   ----    ----
END OF MODULE INFORMATION.


C51 COMPILATION COMPLETE.  0 WARNING(S),  0 ERROR(S)
